eeschema (2013-jul-07)-stable  >> Creation date: mer 20 mag 2015 20:46:55 CEST
#Cmp ( ordine = Riferimento )
| C1         0.33u       
| C2         0.1u        
| C3         1u          
| C4         0.01u       
| C5         10u         
| D1         LED_rosso   
| D2         LED_rosso   
| D3         LED_rosso   
| D4         LED_rosso   
| D5         LED_rosso   
| D6         LED_rosso   
| D7         LED_rosso   
| D8         LED_rosso   
| D9         LED_rosso   
| D10        LED_rosso   
| D11        LED_rosso   
| D12        LED_rosso   
| D13        LED_rosso   
| D14        LED_rosso   
| D15        LED_rosso   
| D16        LED_rosso   
| D17        LED_verde   
| D18        LED_verde   
| D19        LED_verde   
| D20        LED_rosso   
| D21        LED_rosso   
| D22        LED_rosso   
| D23        LED_rosso   
| D24        1N4148      
| D25        1N4148      
| D26        1N4148      
| D27        1N4148      
| P1         Input       
| P2         Out         
| P3         Batteria    
| P4         Alimentatore
| P5         Clock       
| R1         220         
| R2         220         
| R3         10k         
| R4         220         
| R5         220         
| R6         220         
| R7         220         
| R8         10k         
| R9         220         
| R10        220         
| R11        220         
| R12        220         
| R13        220         
| R14        220         
| R15        220         
| R16        220         
| R17        220         
| R18        220         
| R19        220         
| R20        220         
| R21        220         
| R22        220         
| R23        220         
| R24        220         
| R25        220         
| R26        12M         
| R27        12M         
| R28        1-10k       
| R29        68k         
| SW1        SW_PUSH     
| SW2        SW_PUSH     
| U1         74HC595     
| U2         74HC595     
| U3         74HC00      
| U4         74HC595     
| U5         LM7805      
| U6         74HC00      
| U7         LM555N      
#End Cmp

#Cmp ( ordine = Valore )
| 0.01u        C4        
| 0.1u         C2        
| 0.33u        C1        
| 1u           C3        
| 10u          C5        
| LED_rosso    D1        
| LED_rosso    D2        
| LED_rosso    D3        
| LED_rosso    D4        
| LED_rosso    D5        
| LED_rosso    D6        
| LED_rosso    D7        
| LED_rosso    D8        
| LED_rosso    D9        
| LED_rosso    D10       
| LED_rosso    D11       
| LED_rosso    D12       
| LED_rosso    D13       
| LED_rosso    D14       
| LED_rosso    D15       
| LED_rosso    D16       
| LED_verde    D17       
| LED_verde    D18       
| LED_verde    D19       
| LED_rosso    D20       
| LED_rosso    D21       
| LED_rosso    D22       
| LED_rosso    D23       
| 1N4148       D24       
| 1N4148       D25       
| 1N4148       D26       
| 1N4148       D27       
| Input        P1        
| Out          P2        
| Batteria     P3        
| Alimentatore P4        
| Clock        P5        
| 220          R1        
| 220          R2        
| 220          R4        
| 220          R5        
| 220          R6        
| 220          R7        
| 220          R9        
| 220          R10       
| 220          R11       
| 220          R12       
| 220          R13       
| 220          R14       
| 220          R15       
| 220          R16       
| 220          R17       
| 220          R18       
| 220          R19       
| 220          R20       
| 220          R21       
| 220          R22       
| 220          R23       
| 220          R24       
| 220          R25       
| 10k          R3        
| 10k          R8        
| 68k          R29       
| 12M          R26       
| 12M          R27       
| 1-10k        R28       
| SW_PUSH      SW1       
| SW_PUSH      SW2       
| LM7805       U5        
| LM555N       U7        
| 74HC595      U1        
| 74HC595      U2        
| 74HC00       U3        
| 74HC595      U4        
| 74HC00       U6        
#Fine Cmp

#Fine Lista
